[yt-download.org/index.html]
[backblue.gif]
[fade.gif]
[index.html]
[yt-download.org/de.html]
[yt-download.org/css/app2592.css]
[yt-download.org/js/app949c.js]
[yt-download.org/about.html]
[yt-download.org/developers.html]
[yt-download.org/images/youtube.svg]
[yt-download.org/images/tiktok.svg]
[yt-download.org/tiktok-to-mp3.html]
[yt-download.org/images/instagram.svg]
[yt-download.org/instagram-to-mp3.html]
[yt-download.org/images/facebook.svg]
[yt-download.org/facebook-to-mp3.html]
[yt-download.org/images/twitter.svg]
[yt-download.org/twitter-to-mp3.html]
[yt-download.org/twitch-to-mp3.html]
[yt-download.org/images/twitch.svg]
[yt-download.org/images/vimeo.svg]
[yt-download.org/vimeo-to-mp3.html]
[yt-download.org/images/soundcloud.svg]
[yt-download.org/soundcloud-to-mp3.html]
[yt-download.org/images/vk.svg]
[yt-download.org/vk-to-mp3.html]
[yt-download.org/images/dailymotion.svg]
[yt-download.org/dailymotion-to-mp3.html]
[yt-download.org/images/aol.svg]
[yt-download.org/aol-to-mp3.html]
[yt-download.org/livewire/livewire6545.js]
[yt-download.org/GET]
[yt-download.org/index.html]
[yt-download.org/de/about.html]
[yt-download.org/de/developers.html]
[yt-download.org/de.html]
[yt-download.org/css/app2592.css]
[yt-download.org/about.html]
[yt-download.org/api/single/mp3c740.html]
[cdnjs.cloudflare.com/ajax/libs/iframe-resizer/4.3.2/iframeResizer.min.js]
[yt-download.org/api/button/mp3c740.html]
[yt-download.org/api/widgetc740.html]
[yt-download.org/developers.html]
[yt-download.org/images/youtube.svg]
[yt-download.org/api/widgetv2c740.html]
[yt-download.org/de/tiktok-to-mp3.html]
[yt-download.org/tiktok-to-mp3.html]
[yt-download.org/images/tiktok.svg]
[yt-download.org/de/instagram-to-mp3.html]
[yt-download.org/instagram-to-mp3.html]
[yt-download.org/images/instagram.svg]
[yt-download.org/de/facebook-to-mp3.html]
[yt-download.org/facebook-to-mp3.html]
[yt-download.org/images/facebook.svg]
[yt-download.org/de/twitter-to-mp3.html]
[yt-download.org/twitter-to-mp3.html]
[yt-download.org/images/twitter.svg]
[yt-download.org/de/twitch-to-mp3.html]
[yt-download.org/twitch-to-mp3.html]
[yt-download.org/images/twitch.html]
[yt-download.org/de/vimeo-to-mp3.html]
[yt-download.org/vimeo-to-mp3.html]
[yt-download.org/images/vimeo.svg]
[yt-download.org/de/soundcloud-to-mp3.html]
[yt-download.org/soundcloud-to-mp3.html]
[yt-download.org/images/soundcloud.svg]
[yt-download.org/de/vk-to-mp3.html]
[yt-download.org/vk-to-mp3.html]
[yt-download.org/images/vk.svg]
[yt-download.org/de/dailymotion-to-mp3.html]
[yt-download.org/dailymotion-to-mp3.html]
[yt-download.org/images/dailymotion.svg]
[yt-download.org/de/aol-to-mp3.html]
[yt-download.org/aol-to-mp3.html]
[yt-download.org/images/aol.svg]
[yt-download.org/GET.html]
[yt-download.org/de/GET]
[yt-download.org/de/about.html]
[yt-download.org/de/developers.html]
[cdnjs.cloudflare.com/ajax/libs/iframe-resizer/4.3.2/iframeResizer.contentWindow.min.js]
[yt-download.org/api/single/mp3c740.html]
[yt-download.org/api/single/GET.html]
[yt-download.org/api/button/mp3c740.html]
[yt-download.org/api/button/GET.html]
[yt-download.org/api/GET]
[yt-download.org/api/widgetc740.html]
[yt-download.org/api/widgetv2c740.html]
[yt-download.org/de/tiktok-to-mp3.html]
[yt-download.org/de/instagram-to-mp3.html]
[yt-download.org/de/facebook-to-mp3.html]
[yt-download.org/de/twitter-to-mp3.html]
[yt-download.org/de/twitch-to-mp3.html]
[yt-download.org/de/vimeo-to-mp3.html]
[yt-download.org/de/soundcloud-to-mp3.html]
[yt-download.org/de/vk-to-mp3.html]
[yt-download.org/de/dailymotion-to-mp3.html]
[yt-download.org/de/aol-to-mp3.html]
[yt-download.org/de/GET.html]
[yt-download.org/api/single/GET.html]
[yt-download.org/api/button/GET.html]
[yt-download.org/api/GET.html]
